// Jest Snapshot v1, https://goo.gl/fbAQLP

exports[`InMemoryEventStore Can have multiple different events streams: InMemoryEventStore 1`] = `
InMemoryEventStore {
  "events": Object {
    "aggregate1 ID": SimpleDomainEventStream {
      "_isScalar": false,
      "_subscribe": [Function],
      "events$": Observable {
        "_isScalar": false,
        "_subscribe": [Function],
      },
    },
    "aggregate2 ID": SimpleDomainEventStream {
      "_isScalar": false,
      "_subscribe": [Function],
      "events$": Observable {
        "_isScalar": false,
        "_subscribe": [Function],
      },
    },
  },
}
`;
