// Jest Snapshot v1, https://goo.gl/fbAQLP

exports[`DomainMessageBus Passes domain events to projectors 1`] = `
UserPaidIntervalModel {
  "average": 13,
  "id": Identity {
    "id": "234yjh9832674987234",
  },
  "lastPayDate": 1986-10-02T08:00:00.000Z,
  "lastPaydays": 23,
  "payments": 3,
  "totalDays": 38,
}
`;
